
  VITE v8.0.10  ready in 410 ms

  ➜  Local:   http://127.0.0.1:5182/
  ➜  press h + enter to show help
9:05:07 PM [vite] (client) [optimizer] scanning dependencies...
9:14:01 PM [vite] (client) hmr update /src/index.css, /src/components/OfficialHeader.tsx
9:14:02 PM [vite] (client) hmr update /src/index.css, /src/components/PageHeader.tsx
9:14:02 PM [vite] (client) hmr update /src/index.css, /src/pages/Splash.tsx
9:16:01 PM [vite] (client) hmr update /src/index.css, /src/pages/Scholarships.tsx
9:17:20 PM [vite] (client) hmr update /src/index.css, /src/pages/Alternatives.tsx
9:17:21 PM [vite] (client) hmr update /src/index.css, /src/pages/Future.tsx
9:17:24 PM [vite] (client) hmr update /src/index.css, /src/pages/ROICalculator.tsx
9:17:24 PM [vite] (client) hmr update /src/index.css, /src/pages/Compare.tsx
9:17:24 PM [vite] (client) hmr update /src/index.css, /src/pages/Simulate.tsx
9:18:57 PM [vite] (client) hmr update /src/index.css, /src/pages/Home.tsx
9:18:57 PM [vite] (client) hmr update /src/index.css, /src/pages/Market.tsx
9:20:20 PM [vite] (client) hmr update /src/index.css, /src/pages/Compare.tsx
9:20:20 PM [vite] (client) hmr update /src/index.css, /src/pages/ROICalculator.tsx
9:20:20 PM [vite] (client) hmr update /src/index.css, /src/pages/Simulate.tsx
9:21:35 PM [vite] (client) hmr update /src/index.css, /src/pages/Home.tsx, /src/pages/Market.tsx, /src/pages/Personality.tsx, /src/pages/Future.tsx
9:21:37 PM [vite] (client) page reload src/main.tsx
9:22:07 PM [vite] (client) hmr update /src/index.css, /src/pages/Chat.tsx
9:22:08 PM [vite] (client) hmr update /src/index.css, /src/pages/Stories.tsx
9:22:08 PM [vite] (client) hmr update /src/index.css, /src/pages/Profile.tsx
9:23:59 PM [vite] (client) hmr update /src/index.css, /src/pages/Personality.tsx
9:23:59 PM [vite] (client) hmr update /src/i18n/LangContext.tsx, /src/index.css
9:23:59 PM [vite] (client) hmr update /src/index.css
9:23:59 PM [vite] (client) page reload index.html
9:24:25 PM [vite] (client) hmr update /src/index.css, /src/i18n/LangContext.tsx
9:26:04 PM [vite] (client) hmr update /src/index.css, /src/pages/ROICalculator.tsx
9:26:04 PM [vite] (client) hmr update /src/index.css, /src/pages/Compare.tsx
9:27:09 PM [vite] vite.config.ts changed, restarting server...
9:27:09 PM [vite] (client) Re-optimizing dependencies because vite config has changed
9:27:09 PM [vite] server restarted.
9:27:34 PM [vite] (client) hmr update /src/index.css, /src/pages/Compare.tsx, /src/pages/ROICalculator.tsx, /src/components/ProgramPicker.tsx
9:27:34 PM [vite] (client) hmr update /src/index.css, /src/pages/Compare.tsx
9:28:24 PM [vite] server/official-parsers.ts changed, restarting server...
9:28:24 PM [vite] (client) hmr update /src/data/PublicDataContext.tsx, /src/index.css
9:28:24 PM [vite] (client) hmr update /src/index.css, /src/components/DataStatus.tsx
9:28:24 PM [vite] server restarted.
9:29:41 PM [vite] src/data/publicData.ts changed, restarting server...
9:29:41 PM [vite] server/public-data.ts changed, restarting server...
9:29:41 PM [vite] (client) hmr update /src/data/PublicDataContext.tsx, /src/index.css
9:29:41 PM [vite] server/vite-public-data.ts changed, restarting server...
9:29:41 PM [vite] server restarted.
9:32:48 PM [vite] (client) hmr update /src/data/PublicDataContext.tsx
9:32:48 PM [vite] server/vite-public-data.ts changed, restarting server...
9:32:48 PM [vite] server restarted.
